---
source: src/internal.rs
assertion_line: 718
expression: "base64::encode(&snm_bincode)"
---
ASgAAAAAAAAABwcHBwcHBwcHBwcHBwcHBwcHBwcHBwcHBwcHBwcHBwcHBwcHBwcHB8AAAAAAAAAAAgAAADAAAAB+25XvcYCtiGJwR4X/U44ZAAAAAAAAAACHPKKY51k6Gja/gs5/R/RUAQAAAAAAAAAgAAAA4rynd5v1ane0FkR8aVvfDFwP+Y+mHhpZFWujfWErvvAgAAAAdasndZJ68kHipgIaudx6x9J0dzv9RSTuPprqAZOjk/2VTqVc+zQwXCNSCt9oUwZgA9M7ELpeyeYoaZHk6W0GbRaW7ptj73/Zrtg26acmwi1+EDb3ObNKNojcHuOQjAWYIAAAAAAAAAAMDAwMDAwMDAwMDAwMDAwMDAwMDAwMDAwMDAwMDAwMDAMAAAAAAAAAEAAAAAAAAAACAgICAgICAgICAgICAgICGQAAAAAAAAACAgICAgICAgICAgICAgICAgICAgICAgICIQAAAAAAAAACAgICAgICAgICAgICAgICAgICAgICAgICAgICAgICAgI=
